// Jest Snapshot v1, https://goo.gl/fbAQLP

exports[`Make authorization URL should return correct authorization URL 1`] = `"https://integrations.getbynder.com/v6/authentication/oauth2/auth?response_type=code&client_id=5f5206f4-2d7a-4345-bd4c-12fad14ac111&redirect_uri=http%3A%2F%2Flocalhost%2Ftest%2Fcallback&scope=openid%20offline&state=state%20example"`;
